[INFO] Scanning for projects...
[INFO] 
[INFO] --------------------------< sciens:cyrodracs >--------------------------
[INFO] Building cyrodracs 0.0.1-SNAPSHOT
[INFO]   from pom.xml
[INFO] --------------------------------[ jar ]---------------------------------
[INFO] 
[INFO] >>> spring-boot:4.0.5:run (default-cli) > test-compile @ cyrodracs >>>
[INFO] 
[INFO] --- resources:3.3.1:resources (default-resources) @ cyrodracs ---
[INFO] Copying 1 resource from src/main/resources to target/classes
[INFO] Copying 0 resource from src/main/resources to target/classes
[INFO] 
[INFO] --- compiler:3.14.1:compile (default-compile) @ cyrodracs ---
[INFO] Nothing to compile - all classes are up to date.
[INFO] 
[INFO] --- resources:3.3.1:testResources (default-testResources) @ cyrodracs ---
[INFO] skip non existing resourceDirectory /home/nidwe72/development/playground/playground-webapp/cyrodracs/src/test/resources
[INFO] 
[INFO] --- compiler:3.14.1:testCompile (default-testCompile) @ cyrodracs ---
[INFO] Nothing to compile - all classes are up to date.
[INFO] 
[INFO] <<< spring-boot:4.0.5:run (default-cli) < test-compile @ cyrodracs <<<
[INFO] 
[INFO] 
[INFO] --- spring-boot:4.0.5:run (default-cli) @ cyrodracs ---
[INFO] Attaching agents: []

  .   ____          _            __ _ _
 /\\ / ___'_ __ _ _(_)_ __  __ _ \ \ \ \
( ( )\___ | '_ | '_| | '_ \/ _` | \ \ \ \
 \\/  ___)| |_)| | | | | || (_| |  ) ) ) )
  '  |____| .__|_| |_|_| |_\__, | / / / /
 =========|_|==============|___/=/_/_/_/

 :: Spring Boot ::                (v4.0.5)

2026-03-28T19:12:19.673+01:00  INFO 54772 --- [cyrodracs] [  restartedMain] sciens.cyrodracs.CyrodracsApplication    : Starting CyrodracsApplication using Java 25.0.2 with PID 54772 (/home/nidwe72/development/playground/playground-webapp/cyrodracs/target/classes started by nidwe72 in /home/nidwe72/development/playground/playground-webapp/cyrodracs)
2026-03-28T19:12:19.676+01:00  INFO 54772 --- [cyrodracs] [  restartedMain] sciens.cyrodracs.CyrodracsApplication    : No active profile set, falling back to 1 default profile: "default"
2026-03-28T19:12:19.705+01:00  INFO 54772 --- [cyrodracs] [  restartedMain] .e.DevToolsPropertyDefaultsPostProcessor : Devtools property defaults active! Set 'spring.devtools.add-properties' to 'false' to disable
2026-03-28T19:12:19.705+01:00  INFO 54772 --- [cyrodracs] [  restartedMain] .e.DevToolsPropertyDefaultsPostProcessor : For additional web related logging consider setting the 'logging.level.web' property to 'DEBUG'
2026-03-28T19:12:20.079+01:00  INFO 54772 --- [cyrodracs] [  restartedMain] o.s.boot.tomcat.TomcatWebServer          : Tomcat initialized with port 8080 (http)
2026-03-28T19:12:20.086+01:00  INFO 54772 --- [cyrodracs] [  restartedMain] o.apache.catalina.core.StandardService   : Starting service [Tomcat]
2026-03-28T19:12:20.087+01:00  INFO 54772 --- [cyrodracs] [  restartedMain] o.apache.catalina.core.StandardEngine    : Starting Servlet engine: [Apache Tomcat/11.0.20]
2026-03-28T19:12:20.102+01:00  INFO 54772 --- [cyrodracs] [  restartedMain] b.w.c.s.WebApplicationContextInitializer : Root WebApplicationContext: initialization completed in 396 ms
2026-03-28T19:12:20.274+01:00  INFO 54772 --- [cyrodracs] [  restartedMain] o.s.boot.tomcat.TomcatWebServer          : Tomcat started on port 8080 (http) with context path '/'
2026-03-28T19:12:20.277+01:00  INFO 54772 --- [cyrodracs] [  restartedMain] sciens.cyrodracs.CyrodracsApplication    : Started CyrodracsApplication in 0.797 seconds (process running for 1.001)
2026-03-28T19:12:20.946+01:00  INFO 54772 --- [cyrodracs] [nio-8080-exec-1] o.a.c.c.C.[Tomcat].[localhost].[/]       : Initializing Spring DispatcherServlet 'dispatcherServlet'
2026-03-28T19:12:20.947+01:00  INFO 54772 --- [cyrodracs] [nio-8080-exec-1] o.s.web.servlet.DispatcherServlet        : Initializing Servlet 'dispatcherServlet'
2026-03-28T19:12:20.948+01:00  INFO 54772 --- [cyrodracs] [nio-8080-exec-1] o.s.web.servlet.DispatcherServlet        : Completed initialization in 1 ms
2026-03-28T19:15:58.276+01:00  INFO 54772 --- [cyrodracs] [ionShutdownHook] o.s.boot.tomcat.GracefulShutdown         : Commencing graceful shutdown. Waiting for active requests to complete
2026-03-28T19:15:58.280+01:00  INFO 54772 --- [cyrodracs] [tomcat-shutdown] o.s.boot.tomcat.GracefulShutdown         : Graceful shutdown complete
